// Jest Snapshot v1, https://goo.gl/fbAQLP

exports[`tests button should match the snapshot 1`] = `undefined`;
